// Jest Snapshot v1, https://goo.gl/fbAQLP

exports[`should render InlineError correctly with given strings 1`] = `
<span
  style={
    Object {
      "color": "#ae5856",
    }
  }
>
  error
</span>
`;
